// Jest Snapshot v1, https://goo.gl/fbAQLP

exports[`<EventSorter/> renders correctly 1`] = `
<div
  className="event-sorter col-xs-6"
>
  <label
    className="sorter-label"
  >
    Search Events By Title
  </label>
  <select
    className="col-xs-6"
    onChange={[Function]}
  >
    <option
      value="startTime"
    >
      Sort By Start Time
    </option>
    <option
      value="title"
    >
      Sort By Name
    </option>
  </select>
</div>
`;
