// Jest Snapshot v1, https://goo.gl/fbAQLP

exports[`<EventListContainer/> renders correctly 1`] = `
<div
  className="event-list col-xs-12"
>
  <div
    className="event-list col-xs-12"
  >
    <h3
      className="col-xs-6"
    >
      Event List
    </h3>
    <div
      className="row col-xs-12"
    >
      Event One
       | From: 
      7:00 PM 11-24-16
       To: 
      9:00 PM 11-24-16
    </div>
  </div>
</div>
`;
