// Jest Snapshot v1, https://goo.gl/fbAQLP

exports[`<EventableAppContainer/> renders correctly 1`] = `
<div
  className="col-xs-12"
>
  <div
    className="event-form row"
  >
    <h4>
      Add New Event
    </h4>
    <form
      className="form-group row col-xs-12"
      onSubmit={[Function]}
    >
      <div
        className="col-xs-3"
      >
        Event Name: 
        <input
          className="form-control"
          name="event-title"
          placeholder="Add Event Title"
          required={true}
          type="text"
        />
         
      </div>
      <div
        className="col-xs-3"
      >
        Start: 
        <input
          className="form-control"
          name="event-start"
          placeholder="Start Date/Time"
          required={true}
          type="datetime-local"
        />
         
      </div>
      <div
        className="col-xs-3"
      >
        End: 
        <input
          className="form-control"
          name="event-end"
          placeholder="End Date/Time"
          required={true}
          type="datetime-local"
        />
          
      </div>
      <div
        className="col-xs-3"
      >
        <input
          id="add-event-button"
          type="submit"
          value="Submit"
        />
      </div>
    </form>
  </div>
  <form
    className="search-form col-xs-6"
  >
    <div
      className="form-group has-feedback"
    >
      <label
        className="control-label"
      >
        Search Events By Title
      </label>
      <input
        className="form-control"
        onChange={[Function]}
        placeholder="Search by event title"
        type="text"
      />
      <i
        className="glyphicon glyphicon-search form-control-feedback"
      />
    </div>
  </form>
  <div
    className="event-sorter col-xs-6"
  >
    <label
      className="sorter-label"
    >
      Search Events By Title
    </label>
    <select
      className="col-xs-6"
      onChange={[Function]}
    >
      <option
        value="startTime"
      >
        Sort By Start Time
      </option>
      <option
        value="title"
      >
        Sort By Name
      </option>
    </select>
  </div>
  <div
    className="event-list col-xs-12"
  >
    <div
      className="event-list col-xs-12"
    >
      <h3
        className="col-xs-6"
      >
        Event List
      </h3>
    </div>
  </div>
</div>
`;
